// Jest Snapshot v1, https://goo.gl/fbAQLP

exports[`MyApp should render correctly in "debug" mode 1`] = `
<div>
  <SignInComponent
    changeState={[Function]}
    changeUser={[Function]}
    isEmptyState={true}
    isMenuItemClickedState="login"
    userRole="Tmp"
  />
</div>
`;
